// Vitest Snapshot v1, https://vitest.dev/guide/snapshot.html

exports[`generateReactMarkup() > should generate correct Vanilla JS markup for button 1`] = `
"import { useState } from 'react';
import { PBanner, PButton } from '@porsche-design-system/components-react';

export const Example = () => {
  const [open, setOpen] = useState(undefined);

  const onClick = () => {
    setOpen(true);
  }
  const onDismiss = () => {
    setOpen(false);
  }

  return (
    <>
      <PButton aria={{"aria-haspopup":true,"aria-label":"Some more descriptive label"}} type="button" compact={true} icon="add" onClick={onClick}>
        Open Banner
      </PButton>

      <PBanner open={open} dismissButton={false} heading="Some heading" headingTag="h4" state="warning" onDismiss={onDismiss} />
    </>
  )
}"
`;

exports[`generateReactMarkup() > should generate correct Vanilla JS markup for flyout 1`] = `
"import { useState } from 'react';
import { PButton, PButtonGroup, PFlyout, PHeading, PText } from '@porsche-design-system/components-react';

export const Example = () => {
  const [open, setOpen] = useState(undefined);

  const onClick = () => {
    setOpen(true);
  }
  const onDismiss = () => {
    setOpen(false);
  }

  return (
    <>
      <PButton type="button" aria={{"aria-haspopup":"dialog"}} onClick={onClick}>
        Open Flyout
      </PButton>

      <PFlyout open={open} aria={{"aria-label":"Some Heading"}} onDismiss={onDismiss}>
        <PHeading slot="header" size="large" tag="h2">
          Some Heading
        </PHeading>
        <PText>
          Some Content Begin
        </PText>
        <div style={{"width":"10px","height":"120vh","background":"deeppink"}} />
        <PText>
          Some Content End
        </PText>
        <PButtonGroup slot="footer">
          <PButton type="button">
            Proceed
          </PButton>
          <PButton type="button" variant="secondary">
            Cancel
          </PButton>
        </PButtonGroup>
        <PText slot="sub-footer">
          Some additional Sub-Footer
        </PText>
      </PFlyout>
    </>
  )
}"
`;
